[W] 1785294508.544080 31252 qi.path.sdklayout: No Application was created, trying to deduce paths
[W] 1785294509.854842 31252 qimessaging.session: No listen URL specified, using the hardcoded default value 'tcp://127.0.0.1:0', consider specifying a value.
Exception in thread Thread-1 (run_audio_server):
Traceback (most recent call last):
  File "/root/.pyenv/versions/3.11.15/lib/python3.11/threading.py", line 1045, in _bootstrap_inner
    self.run()
  File "/root/.pyenv/versions/3.11.15/lib/python3.11/threading.py", line 982, in run
    self._target(*self._args, **self._kwargs)
  File "/root/lerobot/naoqi_robots_teleop_vr/naoqi_teleop/vr_server.py", line 69, in run_audio_server
Exception in thread Thread-5 (_run_server):
Traceback (most recent call last):
  File "/root/.pyenv/versions/3.11.15/lib/python3.11/threading.py", line 1045, in _bootstrap_inner
    server = ReusableTCPServer(('0.0.0.0', self.port + 1), AudioHandler)
    self.run()
             ^^^^^^^^^^^^^^^^^^^^^^^^^^^^^^^^^^^^^^^^^^^^^^^^^^^^^^^^^^^
  File "/root/.pyenv/versions/3.11.15/lib/python3.11/threading.py", line 982, in run
  File "/root/.pyenv/versions/3.11.15/lib/python3.11/socketserver.py", line 456, in __init__
    self._target(*self._args, **self._kwargs)
  File "/root/lerobot/naoqi_robots_teleop_vr/naoqi_teleop/vr_server.py", line 205, in _run_server
    self.server_bind()
    self.app.run()
  File "/root/.pyenv/versions/3.11.15/lib/python3.11/http/server.py", line 140, in server_bind
  File "/root/.pyenv/versions/lerobot/lib/python3.11/site-packages/vuer/server.py", line 1359, in run
    socketserver.TCPServer.server_bind(self)
  File "/root/.pyenv/versions/3.11.15/lib/python3.11/socketserver.py", line 472, in server_bind
    self.start(free_port=free_port, *args, **kwargs)
  File "/root/.pyenv/versions/lerobot/lib/python3.11/site-packages/vuer/server.py", line 1468, in start
    self.socket.bind(self.server_address)
OSError: [Errno 98] Address already in use
    Server.start(self)
  File "/root/.pyenv/versions/lerobot/lib/python3.11/site-packages/vuer/base.py", line 254, in start
    event_loop.run_until_complete(init_server())
  File "/root/.pyenv/versions/3.11.15/lib/python3.11/asyncio/base_events.py", line 654, in run_until_complete
    return future.result()
           ^^^^^^^^^^^^^^^
  File "/root/.pyenv/versions/lerobot/lib/python3.11/site-packages/vuer/base.py", line 233, in init_server
    return await site.start()
           ^^^^^^^^^^^^^^^^^^
  File "/root/.pyenv/versions/lerobot/lib/python3.11/site-packages/aiohttp/web_runner.py", line 138, in start
    self._server = await loop.create_server(
                   ^^^^^^^^^^^^^^^^^^^^^^^^^
  File "/root/.pyenv/versions/3.11.15/lib/python3.11/asyncio/base_events.py", line 1536, in create_server
    raise OSError(err.errno, msg) from None
OSError: [Errno 98] error while attempting to bind on address ('0.0.0.0', 8012): address already in use
Loaded Configuration:
robot:
  ip: 157.253.113.142
  port: 9559
  loop_rate_hz: 20
  enable_audio: true
  enable_top_camera: true
  enable_bot_camera: true
  startup_posture: StandInit
  nao_urdf_path: /root/lerobot/external/nao/nao_robot/nao_description/urdf/naoV50_generated_urdf/nao.urdf
  pepper_urdf_path: ''
  camera_resolution: 2
vr:
  host: 0.0.0.0
  port: 8012
  viser_port: 8080
  cert: cert.pem
  key: key.pem
teleop:
  joystick_walk_speed: 0.2
  joystick_rotate_speed: 0.3
  body_yaw_gain: 1.5
  controller_pitch_offset_deg: 40.0
  controller_z_offset_m: 0.1
  head_pitch_min: -0.6
  head_pitch_max: 0.4
  head_yaw_min: -2.0
  head_yaw_max: 2.0
ik:
  loop_rate_hz: 100

Starting subsystems...
Connecting to robot at 157.253.113.142:9559...
Detected robot: nao
Checking autonomy services...
Going to startup posture: StandInit...
Failed to subscribe to audio: Service "VRAudioProcessor" (#152) is already registered. Rejecting conflicting registration attempt.
IKSolver: Loading URDF for nao...
All subsystems running. Press Ctrl+C to exit.
[1mVuer Server[0m

[36mLocal:[0m   https://vuer.ai?ws=wss://localhost:8012
[36mNetwork:[0m https://vuer.ai?ws=wss://172.26.115.130:8012

[36mWorkspace:[0m

 [2m·[0m file:///root/lerobot/naoqi_robots_teleop_vr
[2m->[0m https://vuer.ai/workspace

╭────── viser (listening *:8083) ───────╮
│             ╷                         │
│   HTTP      │ http://localhost:8083   │
│   Websocket │ ws://localhost:8083     │
│             ╵                         │
╰───────────────────────────────────────╯
An NVIDIA GPU may be present on this machine, but a CUDA-enabled jaxlib is not installed. Falling back to cpu.
2026-07-28 22:08:32.516 | WARNING  | pyroki._robot_urdf_parser:_get_joint_limits:434 - Continuous joint 'RFinger13' has no explicit limits. Returning [-pi, pi].
2026-07-28 22:08:32.517 | WARNING  | pyroki._robot_urdf_parser:_get_joint_limits:434 - Continuous joint 'RFinger12' has no explicit limits. Returning [-pi, pi].
2026-07-28 22:08:32.518 | WARNING  | pyroki._robot_urdf_parser:_get_joint_limits:434 - Continuous joint 'LFinger21' has no explicit limits. Returning [-pi, pi].
2026-07-28 22:08:32.519 | WARNING  | pyroki._robot_urdf_parser:_get_joint_limits:434 - Continuous joint 'LFinger13' has no explicit limits. Returning [-pi, pi].
2026-07-28 22:08:32.523 | WARNING  | pyroki._robot_urdf_parser:_get_joint_limits:434 - Continuous joint 'LFinger11' has no explicit limits. Returning [-pi, pi].
2026-07-28 22:08:32.524 | WARNING  | pyroki._robot_urdf_parser:_get_joint_limits:434 - Continuous joint 'RFinger22' has no explicit limits. Returning [-pi, pi].
2026-07-28 22:08:32.524 | WARNING  | pyroki._robot_urdf_parser:_get_joint_limits:434 - Continuous joint 'LFinger22' has no explicit limits. Returning [-pi, pi].
2026-07-28 22:08:32.526 | WARNING  | pyroki._robot_urdf_parser:_get_joint_limits:434 - Continuous joint 'RFinger21' has no explicit limits. Returning [-pi, pi].
2026-07-28 22:08:32.527 | WARNING  | pyroki._robot_urdf_parser:_get_joint_limits:434 - Continuous joint 'LFinger12' has no explicit limits. Returning [-pi, pi].
2026-07-28 22:08:32.528 | WARNING  | pyroki._robot_urdf_parser:_get_joint_limits:434 - Continuous joint 'RFinger23' has no explicit limits. Returning [-pi, pi].
2026-07-28 22:08:32.529 | WARNING  | pyroki._robot_urdf_parser:_get_joint_limits:434 - Continuous joint 'RFinger11' has no explicit limits. Returning [-pi, pi].
2026-07-28 22:08:32.530 | WARNING  | pyroki._robot_urdf_parser:_get_joint_limits:434 - Continuous joint 'LFinger23' has no explicit limits. Returning [-pi, pi].
2026-07-28 22:08:32.532 | WARNING  | pyroki._robot_urdf_parser:_get_joint_limits:434 - Continuous joint 'LThumb1' has no explicit limits. Returning [-pi, pi].
2026-07-28 22:08:32.534 | WARNING  | pyroki._robot_urdf_parser:_get_joint_limits:434 - Continuous joint 'RThumb1' has no explicit limits. Returning [-pi, pi].
2026-07-28 22:08:32.535 | WARNING  | pyroki._robot_urdf_parser:_get_joint_limits:434 - Continuous joint 'RThumb2' has no explicit limits. Returning [-pi, pi].
2026-07-28 22:08:32.539 | WARNING  | pyroki._robot_urdf_parser:_get_joint_limits:434 - Continuous joint 'LThumb2' has no explicit limits. Returning [-pi, pi].
2026-07-28 22:08:32.724 | INFO     | pyroki._robot_urdf_parser:_topologically_sort_joints:199 - Joints were not in topological order; they will be internally sorted.
DesktopVis: Loading URDF for nao...

Shutting down gracefully...
Stopping subsystems...
IKSolver: Ready.
Shutdown complete.
(viser) Server stopped
